
=== deepBeam: M=9 members, 9 free DOFs, rank(A)=9 -> statically determinate ===
residual of reference labels      0.0000%
residual predicted   before/after 1.801% (max 5.77%) / 5.29e-07% (max 4.45e-06%)
force R2             before/after 0.9943 / 0.9949   (with reference lam: 1.0000)
force rel. L2 error  before/after 6.91% / 5.55%   (with reference lam: 0.00%)
size of the correction ||dF||/||F|| 4.66%

=== hammerhead: M=29 members, 29 free DOFs, rank(A)=29 -> statically determinate ===
residual of reference labels      0.0000%
residual predicted   before/after 1.625% (max 3.49%) / 2.63e-06% (max 8.87e-06%)
force R2             before/after 0.9964 / 0.9975   (with reference lam: 1.0000)
force rel. L2 error  before/after 5.92% / 4.32%   (with reference lam: 0.00%)
size of the correction ||dF||/||F|| 3.59%

=== multiColumnBent: M=33 members, 32 free DOFs, rank(A)=32 -> indeterminate by 1 ===
residual of reference labels      0.0000%
residual predicted   before/after 1.171% (max 4.11%) / 2.34e-06% (max 5.65e-06%)
force R2             before/after 0.9973 / 0.9980   (with reference lam: 0.9990)
force rel. L2 error  before/after 5.77% / 4.46%   (with reference lam: 2.92%)
size of the correction ||dF||/||F|| 3.43%

=== pileCap: M=8 members, 8 free DOFs, rank(A)=8 -> statically determinate ===
residual of reference labels      0.0000%
residual predicted   before/after 1.751% (max 5.36%) / 1.36e-06% (max 8.64e-06%)
force R2             before/after 0.9955 / 0.9959   (with reference lam: 1.0000)
force rel. L2 error  before/after 5.78% / 4.87%   (with reference lam: 0.00%)
size of the correction ||dF||/||F|| 3.27%
[elapsed 3 s]
