
=== deepBeam: non-failing designs train/val/test = 106/30/19 of 525/112/113 ===
  plain seed0: MAPE   6.55%  R2 0.945  forceR2 0.989  forceRel   8.5%  eq  1.92%  cls 0.903 fp 11 fn  0  hinge 0.054
  plain seed1: MAPE   5.73%  R2 0.944  forceR2 0.992  forceRel   7.0%  eq  1.29%  cls 0.885 fp 13 fn  0  hinge 0.043
  plain seed2: MAPE   5.61%  R2 0.955  forceR2 0.993  forceRel   7.5%  eq  1.51%  cls 0.912 fp 10 fn  0  hinge 0.033
  plain mean : MAPE 5.96%  R2 0.948  cls 0.900  fp 11.3  fn 0.0  shortfall 0.043
  hinge seed0: MAPE   5.96%  R2 0.952  forceR2 0.992  forceRel   6.7%  eq  1.24%  cls 0.956 fp  4 fn  1  hinge 0.020
  hinge seed1: MAPE   5.09%  R2 0.961  forceR2 0.994  forceRel   5.8%  eq  1.17%  cls 0.982 fp  2 fn  0  hinge 0.012
  hinge seed2: MAPE   5.65%  R2 0.963  forceR2 0.994  forceRel   6.2%  eq  1.58%  cls 0.991 fp  1 fn  0  hinge 0.014
  hinge mean : MAPE 5.57%  R2 0.959  cls 0.976  fp 2.3  fn 0.3  shortfall 0.015

=== hammerhead: non-failing designs train/val/test = 62/14/7 of 378/81/81 ===
  plain seed0: MAPE   4.28%  R2 0.985  forceR2 0.997  forceRel   5.9%  eq  1.58%  cls 0.951 fp  4 fn  0  hinge 0.051
  plain seed1: MAPE   4.60%  R2 0.979  forceR2 0.996  forceRel   6.3%  eq  1.63%  cls 0.926 fp  6 fn  0  hinge 0.069
  plain seed2: MAPE   3.91%  R2 0.984  forceR2 0.997  forceRel   5.5%  eq  1.65%  cls 0.951 fp  4 fn  0  hinge 0.061
  plain mean : MAPE 4.26%  R2 0.983  cls 0.942  fp 4.7  fn 0.0  shortfall 0.060
  hinge seed0: MAPE   4.00%  R2 0.985  forceR2 0.997  forceRel   5.8%  eq  1.57%  cls 0.988 fp  1 fn  0  hinge 0.003
  hinge seed1: MAPE   4.28%  R2 0.983  forceR2 0.996  forceRel   6.1%  eq  1.55%  cls 0.988 fp  1 fn  0  hinge 0.008
  hinge seed2: MAPE   3.62%  R2 0.987  forceR2 0.997  forceRel   5.1%  eq  1.56%  cls 1.000 fp  0 fn  0  hinge 0.000
  hinge mean : MAPE 3.97%  R2 0.985  cls 0.992  fp 0.7  fn 0.0  shortfall 0.004

=== multiColumnBent: non-failing designs train/val/test = 148/31/36 of 525/112/113 ===
  plain seed0: MAPE   2.88%  R2 0.994  forceR2 0.997  forceRel   5.8%  eq  1.17%  cls 0.912 fp 10 fn  0  hinge 0.005
  plain seed1: MAPE   3.04%  R2 0.993  forceR2 0.998  forceRel   4.9%  eq  1.04%  cls 0.858 fp 16 fn  0  hinge 0.008
  plain seed2: MAPE   3.32%  R2 0.991  forceR2 0.997  forceRel   5.8%  eq  1.01%  cls 0.903 fp 11 fn  0  hinge 0.013
  plain mean : MAPE 3.08%  R2 0.993  cls 0.891  fp 12.3  fn 0.0  shortfall 0.008
  hinge seed0: MAPE   2.80%  R2 0.993  forceR2 0.997  forceRel   5.3%  eq  1.00%  cls 1.000 fp  0 fn  0  hinge 0.000
  hinge seed1: MAPE   2.84%  R2 0.994  forceR2 0.998  forceRel   4.6%  eq  0.96%  cls 1.000 fp  0 fn  0  hinge 0.000
  hinge seed2: MAPE   3.02%  R2 0.992  forceR2 0.997  forceRel   5.3%  eq  0.96%  cls 1.000 fp  0 fn  0  hinge 0.000
  hinge mean : MAPE 2.89%  R2 0.993  cls 1.000  fp 0.0  fn 0.0  shortfall 0.000

=== pileCap: non-failing designs train/val/test = 127/18/21 of 525/112/113 ===
  plain seed0: MAPE   5.08%  R2 0.955  forceR2 0.995  forceRel   6.1%  eq  1.69%  cls 0.894 fp 11 fn  1  hinge 0.026
  plain seed1: MAPE   5.64%  R2 0.946  forceR2 0.994  forceRel   6.3%  eq  1.56%  cls 0.894 fp 12 fn  0  hinge 0.023
  plain seed2: MAPE   5.60%  R2 0.951  forceR2 0.994  forceRel   6.7%  eq  1.95%  cls 0.920 fp  9 fn  0  hinge 0.026
  plain mean : MAPE 5.44%  R2 0.951  cls 0.903  fp 10.7  fn 0.3  shortfall 0.025
  hinge seed0: MAPE   4.58%  R2 0.961  forceR2 0.996  forceRel   5.5%  eq  2.06%  cls 0.973 fp  2 fn  1  hinge 0.007
  hinge seed1: MAPE   5.18%  R2 0.953  forceR2 0.996  forceRel   5.8%  eq  1.92%  cls 0.991 fp  0 fn  1  hinge 0.000
  hinge seed2: MAPE   5.08%  R2 0.959  forceR2 0.995  forceRel   6.1%  eq  2.28%  cls 0.973 fp  2 fn  1  hinge 0.013
  hinge mean : MAPE 4.94%  R2 0.958  cls 0.979  fp 1.3  fn 1.0  shortfall 0.007
[elapsed 75 s]
