=== headline models: train vs test ===
deepBeam         params  85130  train MAPE  3.52% R2 0.995  |  test MAPE  6.55% R2 0.945  (n_train 525, n_test 113)
hammerhead       params  87838  train MAPE  1.51% R2 0.999  |  test MAPE  4.28% R2 0.985  (n_train 378, n_test 81)
multiColumnBent  params  88226  train MAPE  1.56% R2 0.998  |  test MAPE  2.88% R2 0.994  (n_train 525, n_test 113)
pileCap          params  85001  train MAPE  2.01% R2 0.996  |  test MAPE  5.08% R2 0.955  (n_train 525, n_test 113)

=== width sweep (3 seeds) ===
deepBeam         width  16 params   1690  train MAPE  7.03%  test MAPE  9.62±0.25%  test R2 0.909  forceR2 0.982
deepBeam         width  32 params   5930  train MAPE  4.82%  test MAPE  7.63±0.38%  test R2 0.923  forceR2 0.988
deepBeam         width  64 params  22090  train MAPE  3.97%  test MAPE  6.62±0.20%  test R2 0.942  forceR2 0.991
deepBeam         width 128 params  85130  train MAPE  3.05%  test MAPE  5.96±0.42%  test R2 0.948  forceR2 0.991
deepBeam         width 256 params 334090  train MAPE  3.05%  test MAPE  5.78±0.28%  test R2 0.949  forceR2 0.991
hammerhead       width  16 params   2046  train MAPE  5.10%  test MAPE  7.60±0.66%  test R2 0.966  forceR2 0.986
hammerhead       width  32 params   6622  train MAPE  3.27%  test MAPE  6.17±0.68%  test R2 0.972  forceR2 0.992
hammerhead       width  64 params  23454  train MAPE  2.03%  test MAPE  5.00±0.41%  test R2 0.979  forceR2 0.995
hammerhead       width 128 params  87838  train MAPE  1.50%  test MAPE  4.26±0.28%  test R2 0.983  forceR2 0.997
hammerhead       width 256 params 339486  train MAPE  1.40%  test MAPE  3.70±0.13%  test R2 0.986  forceR2 0.998
multiColumnBent  width  16 params   2098  train MAPE  2.94%  test MAPE  4.32±0.35%  test R2 0.987  forceR2 0.995
multiColumnBent  width  32 params   6722  train MAPE  2.25%  test MAPE  3.44±0.35%  test R2 0.991  forceR2 0.997
multiColumnBent  width  64 params  23650  train MAPE  1.81%  test MAPE  3.23±0.22%  test R2 0.991  forceR2 0.997
multiColumnBent  width 128 params  88226  train MAPE  1.59%  test MAPE  3.08±0.18%  test R2 0.993  forceR2 0.997
multiColumnBent  width 256 params 340258  train MAPE  1.05%  test MAPE  2.70±0.11%  test R2 0.993  forceR2 0.998
pileCap          width  16 params   1673  train MAPE  5.95%  test MAPE  7.83±0.35%  test R2 0.912  forceR2 0.974
pileCap          width  32 params   5897  train MAPE  4.22%  test MAPE  6.63±0.35%  test R2 0.941  forceR2 0.990
pileCap          width  64 params  22025  train MAPE  3.25%  test MAPE  5.79±0.24%  test R2 0.946  forceR2 0.993
pileCap          width 128 params  85001  train MAPE  2.20%  test MAPE  5.44±0.25%  test R2 0.951  forceR2 0.995
pileCap          width 256 params 333833  train MAPE  1.80%  test MAPE  5.51±0.20%  test R2 0.954  forceR2 0.995
[elapsed 180 s]
